{"properties":[{"name":"_Texture2D","type":6},{"name":"TextureTransform_Texture2D","type":3},{"name":"TextureTransform_Texture2DAsset_8f14bfbef458429a8aa3c2828046fc2b_Out_0_Texture2D","type":3},{"name":"_Texture2DAsset_8f14bfbef458429a8aa3c2828046fc2b_Out_0_Texture2D","type":6},{"name":"_SampleTexture2D_1474f2d5073b4ac29398add84bb23240_Texture_1_Texture2D","type":6},{"name":"TextureTransform_SampleTexture2D_1474f2d5073b4ac29398add84bb23240_Texture_1_Texture2D","type":3},{"name":"_Triplanar_866a5c0c75f84e4c9b25421f3988b9a3_Texture_1_Texture2D","type":6},{"name":"TextureTransform_Texture2DAsset_67eda6922a484f11826572a12c4ea406_Out_0_Texture2D","type":3},{"name":"_Texture2DAsset_67eda6922a484f11826572a12c4ea406_Out_0_Texture2D","type":6},{"name":"_GatherTexture2D_5d27c369b1834db8a33a504c3a706ff1_Texture_1_Texture2D","type":6},{"name":"TextureTransform_GatherTexture2D_5d27c369b1834db8a33a504c3a706ff1_Texture_1_Texture2D","type":3},{"name":"TextureSize_GatherTexture2D_5d27c369b1834db8a33a504c3a706ff1_Texture_1_Texture2D","type":3}]}