{"properties":[{"name":"_Negative","type":1},{"name":"_Zero","type":1}]}