{"properties":[{"name":"_Matrix4x4","type":5},{"name":"_Vector4","type":3},{"name":"_Vector3","type":3},{"name":"_Matrix3x3","type":5},{"name":"_Float","type":1},{"name":"_Boolean","type":1},{"name":"_Vector2","type":3},{"name":"_Color","type":4}]}