{"properties":[{"name":"TextureTransform_Texture2D","type":3},{"name":"_Texture2D","type":6}]}