{"properties":[{"name":"_ParallaxMapping_5d3c51f3651c4460b4caeaa5f96a148e_Heightmap_1_Texture2D","type":6},{"name":"TextureTransform_ParallaxMapping_5d3c51f3651c4460b4caeaa5f96a148e_Heightmap_1_Texture2D","type":3},{"name":"_ParallaxOcclusionMapping_10bdf1d2835845c1a6c7d8c29649744e_Heightmap_2_Texture2D","type":6},{"name":"TextureTransform_ParallaxOcclusionMapping_10bdf1d2835845c1a6c7d8c29649744e_Heightmap_2_Texture2D","type":3}]}