{"properties":[{"name":"polySpatial_SHAr","type":3},{"name":"polySpatial_VolumeToWorld","type":5},{"name":"polySpatial_SHAg","type":3},{"name":"polySpatial_SHAb","type":3},{"name":"polySpatial_SHBr","type":3},{"name":"polySpatial_SHBg","type":3},{"name":"polySpatial_SHBb","type":3},{"name":"polySpatial_SHC","type":3},{"name":"polySpatial_GlossyEnvironmentColor","type":3},{"name":"polySpatial_LightPosition0","type":3},{"name":"polySpatial_LightColor0","type":3},{"name":"polySpatial_LightAtten0","type":3},{"name":"polySpatial_SpotDirection0","type":3},{"name":"polySpatial_LightPosition1","type":3},{"name":"polySpatial_LightColor1","type":3},{"name":"polySpatial_LightAtten1","type":3},{"name":"polySpatial_SpotDirection1","type":3},{"name":"polySpatial_LightPosition2","type":3},{"name":"polySpatial_LightColor2","type":3},{"name":"polySpatial_LightAtten2","type":3},{"name":"polySpatial_SpotDirection2","type":3},{"name":"polySpatial_LightPosition3","type":3},{"name":"polySpatial_LightColor3","type":3},{"name":"polySpatial_LightAtten3","type":3},{"name":"polySpatial_SpotDirection3","type":3},{"name":"polySpatial_Lightmap","type":6},{"name":"polySpatial_LightmapST","type":3},{"name":"polySpatial_LightmapInd","type":6},{"name":"polySpatial_SpecCube0","type":6},{"name":"polySpatial_SpecCubeWeight0","type":1},{"name":"polySpatial_SpecCube1","type":6},{"name":"polySpatial_SpecCubeWeight1","type":1}]}