{"properties":[{"name":"_SampleTexture2D_dde48ea7f0274d75aa3672cfec65d3b7_Texture_1_Texture2D","type":6},{"name":"TextureTransform_SampleTexture2D_dde48ea7f0274d75aa3672cfec65d3b7_Texture_1_Texture2D","type":3},{"name":"_SampleTexture2D_f702726f6d1743cf8a7973bf7d3a1068_Texture_1_Texture2D","type":6},{"name":"TextureTransform_SampleTexture2D_f702726f6d1743cf8a7973bf7d3a1068_Texture_1_Texture2D","type":3}]}