{"properties":[{"name":"_ENUM_A","type":0},{"name":"_ENUM_B","type":0},{"name":"_BOOLEAN","type":0}]}