{"properties":[{"name":"unity_AmbientSky","type":3},{"name":"unity_AmbientEquator","type":3},{"name":"unity_AmbientGround","type":3},{"name":"LIGHTMAP_ON","type":0},{"name":"polySpatial_SHAr","type":3},{"name":"polySpatial_SHAg","type":3},{"name":"polySpatial_SHAb","type":3},{"name":"polySpatial_SHBr","type":3},{"name":"polySpatial_SHBg","type":3},{"name":"polySpatial_SHBb","type":3},{"name":"polySpatial_SHC","type":3},{"name":"polySpatial_Lightmap","type":6},{"name":"polySpatial_LightmapST","type":3},{"name":"polySpatial_LightmapInd","type":6},{"name":"polySpatial_SpecCube0","type":6}]}