{"properties":[{"name":"polySpatial_LightPosition0","type":3},{"name":"unity_OrthoParams","type":3},{"name":"_ProjectionParams","type":3},{"name":"polySpatial_ObjectBoundsCenter","type":3},{"name":"polySpatial_ObjectBoundsExtents","type":3},{"name":"_ScreenParams","type":3},{"name":"_SinTime","type":3},{"name":"unity_DeltaTime","type":3}]}