{"properties":[{"name":"unity_FogColor","type":3},{"name":"FOG_LINEAR","type":0},{"name":"FOG_EXP","type":0},{"name":"FOG_EXP2","type":0},{"name":"unity_FogParams","type":3}]}