{"properties":[{"name":"TextureTransform_MainTex","type":3},{"name":"_MainTex","type":6},{"name":"TextureTransform_VertexTex","type":3},{"name":"_VertexTex","type":6},{"name":"TextureSize_MainTex","type":3},{"name":"_Cubemap","type":6},{"name":"_Texture3D","type":6},{"name":"TextureSize_Texture3D","type":3}]}